#,,,,,"generated_by='OpenQuake engine 3.11.0-git9bd2cbf6ce', start_date='2020-12-16T16:56:23', checksum=641705409, kind='tot_curves-rlzs', risk_investigation_time=1.0"
rlz,loss_type,return_period,loss_value,loss_ratio,annual_frequency_of_exceedence
0,occupants,50,8.54623E-03,3.08900E-04,2.00000E-02
0,occupants,100,1.17520E-02,4.24770E-04,1.00000E-02
0,occupants,200,1.67220E-02,6.04410E-04,5.00000E-03
0,occupants,500,2.89178E-02,1.04522E-03,2.00000E-03
0,occupants,1000,4.02678E-02,1.45546E-03,1.00000E-03
0,occupants,2000,4.59985E-02,1.66260E-03,5.00000E-04
0,occupants,5000,5.24853E-02,1.89706E-03,2.00000E-04
0,occupants,10000,5.75070E-02,2.07857E-03,1.00000E-04
