#,,,,,"generated_by='OpenQuake engine 3.11.0-git9bd2cbf6ce', start_date='2020-12-16T16:56:13', checksum=3590982611, kind='tot_curves-rlzs', risk_investigation_time=1.0"
rlz,loss_type,return_period,loss_value,loss_ratio,annual_frequency_of_exceedence
0,structural,100,3.86727E+02,3.86727E-02,1.00000E-02
0,structural,200,3.90166E+03,3.90166E-01,5.00000E-03
