#,,,,,"generated_by='OpenQuake engine 3.11.0-git9bd2cbf6ce', start_date='2020-12-16T16:56:05', checksum=4060735182, kind='tot_curves-stats', risk_investigation_time=5.0"
stat,loss_type,return_period,loss_value,loss_ratio,annual_frequency_of_exceedence
mean,structural,2,2.40182E+04,4.25600E-04,5.00000E-01
mean,structural,5,1.64772E+05,2.91975E-03,2.00000E-01
